Existing nn-1a298aa575a0.nnue validated, skipping download

Config:
debug: 'no'
sanitize: 'none'
optimize: 'yes'
arch: 'armv8'
bits: '64'
kernel: 'Linux'
os: 'GNU/Linux'
prefetch: 'yes'
popcnt: 'yes'
pext: 'no'
sse: 'no'
mmx: 'no'
sse2: 'no'
ssse3: 'no'
sse41: 'no'
avx2: 'no'
avxvnni: 'no'
avx512: 'no'
vnni512: 'no'
avx512icl: 'no'
altivec: 'no'
vsx: 'no'
neon: 'yes'
dotprod: 'yes'
arm_version: '8'
lsx: 'no'
lasx: 'no'
syzygy: 'yes'
target_windows: ''

Flags:
CXX: /usr/local/lib/android/sdk/ndk/29.0.14206865/toolchains/llvm/prebuilt/linux-x86_64/bin/aarch64-linux-android24-clang++
CXXFLAGS:  -Wall -Wcast-qual -fno-exceptions -std=c++17  -pedantic -Wextra -Wshadow -Wmissing-prototypes -Wconditional-uninitialized -flax-vector-conversions=none -fconstexpr-steps=500000000 -DNDEBUG -O3 -funroll-loops -DIS_64BIT -DUSE_POPCNT -DUSE_NEON=8 -march=armv8.2-a+dotprod -DUSE_NEON_DOTPROD -DARCH=armv8-dotprod -flto=full -Xclang -mllvm -Xclang -inline-threshold=500
LDFLAGS: -latomic

Testing config sanity. If this fails, try 'make help' ...

make ARCH=armv8-dotprod COMP=clang all
make[1]: Entering directory '/home/runner/work/chess-app/chess-app/engines/src/stockfish/src'
/usr/local/lib/android/sdk/ndk/29.0.14206865/toolchains/llvm/prebuilt/linux-x86_64/bin/aarch64-linux-android24-clang++ -Wall -Wcast-qual -fno-exceptions -std=c++17 -pedantic -Wextra -Wshadow -Wmissing-prototypes -Wconditional-uninitialized -flax-vector-conversions=none -fconstexpr-steps=500000000 -DNDEBUG -O3 -funroll-loops -DIS_64BIT -DUSE_POPCNT -DUSE_NEON=8 -march=armv8.2-a+dotprod -DUSE_NEON_DOTPROD -DARCH=armv8-dotprod -flto=full -Xclang -mllvm -Xclang -inline-threshold=500 -c -o attacks.o attacks.cpp
/usr/local/lib/android/sdk/ndk/29.0.14206865/toolchains/llvm/prebuilt/linux-x86_64/bin/aarch64-linux-android24-clang++ -Wall -Wcast-qual -fno-exceptions -std=c++17 -pedantic -Wextra -Wshadow -Wmissing-prototypes -Wconditional-uninitialized -flax-vector-conversions=none -fconstexpr-steps=500000000 -DNDEBUG -O3 -funroll-loops -DIS_64BIT -DUSE_POPCNT -DUSE_NEON=8 -march=armv8.2-a+dotprod -DUSE_NEON_DOTPROD -DARCH=armv8-dotprod -flto=full -Xclang -mllvm -Xclang -inline-threshold=500 -c -o benchmark.o benchmark.cpp
/usr/local/lib/android/sdk/ndk/29.0.14206865/toolchains/llvm/prebuilt/linux-x86_64/bin/aarch64-linux-android24-clang++ -Wall -Wcast-qual -fno-exceptions -std=c++17 -pedantic -Wextra -Wshadow -Wmissing-prototypes -Wconditional-uninitialized -flax-vector-conversions=none -fconstexpr-steps=500000000 -DNDEBUG -O3 -funroll-loops -DIS_64BIT -DUSE_POPCNT -DUSE_NEON=8 -march=armv8.2-a+dotprod -DUSE_NEON_DOTPROD -DARCH=armv8-dotprod -flto=full -Xclang -mllvm -Xclang -inline-threshold=500 -c -o bitboard.o bitboard.cpp
/usr/local/lib/android/sdk/ndk/29.0.14206865/toolchains/llvm/prebuilt/linux-x86_64/bin/aarch64-linux-android24-clang++ -Wall -Wcast-qual -fno-exceptions -std=c++17 -pedantic -Wextra -Wshadow -Wmissing-prototypes -Wconditional-uninitialized -flax-vector-conversions=none -fconstexpr-steps=500000000 -DNDEBUG -O3 -funroll-loops -DIS_64BIT -DUSE_POPCNT -DUSE_NEON=8 -march=armv8.2-a+dotprod -DUSE_NEON_DOTPROD -DARCH=armv8-dotprod -flto=full -Xclang -mllvm -Xclang -inline-threshold=500 -c -o evaluate.o evaluate.cpp
/usr/local/lib/android/sdk/ndk/29.0.14206865/toolchains/llvm/prebuilt/linux-x86_64/bin/aarch64-linux-android24-clang++ -Wall -Wcast-qual -fno-exceptions -std=c++17 -pedantic -Wextra -Wshadow -Wmissing-prototypes -Wconditional-uninitialized -flax-vector-conversions=none -fconstexpr-steps=500000000 -DNDEBUG -O3 -funroll-loops -DIS_64BIT -DUSE_POPCNT -DUSE_NEON=8 -march=armv8.2-a+dotprod -DUSE_NEON_DOTPROD -DARCH=armv8-dotprod -flto=full -Xclang -mllvm -Xclang -inline-threshold=500 -c -o main.o main.cpp
/usr/local/lib/android/sdk/ndk/29.0.14206865/toolchains/llvm/prebuilt/linux-x86_64/bin/aarch64-linux-android24-clang++ -Wall -Wcast-qual -fno-exceptions -std=c++17 -pedantic -Wextra -Wshadow -Wmissing-prototypes -Wconditional-uninitialized -flax-vector-conversions=none -fconstexpr-steps=500000000 -DNDEBUG -O3 -funroll-loops -DIS_64BIT -DUSE_POPCNT -DUSE_NEON=8 -march=armv8.2-a+dotprod -DUSE_NEON_DOTPROD -DARCH=armv8-dotprod -flto=full -Xclang -mllvm -Xclang -inline-threshold=500 -DGIT_SHA=edb0d9db -DGIT_DATE=20260905  -c -o misc.o misc.cpp
/usr/local/lib/android/sdk/ndk/29.0.14206865/toolchains/llvm/prebuilt/linux-x86_64/bin/aarch64-linux-android24-clang++ -Wall -Wcast-qual -fno-exceptions -std=c++17 -pedantic -Wextra -Wshadow -Wmissing-prototypes -Wconditional-uninitialized -flax-vector-conversions=none -fconstexpr-steps=500000000 -DNDEBUG -O3 -funroll-loops -DIS_64BIT -DUSE_POPCNT -DUSE_NEON=8 -march=armv8.2-a+dotprod -DUSE_NEON_DOTPROD -DARCH=armv8-dotprod -flto=full -Xclang -mllvm -Xclang -inline-threshold=500 -c -o movegen.o movegen.cpp
/usr/local/lib/android/sdk/ndk/29.0.14206865/toolchains/llvm/prebuilt/linux-x86_64/bin/aarch64-linux-android24-clang++ -Wall -Wcast-qual -fno-exceptions -std=c++17 -pedantic -Wextra -Wshadow -Wmissing-prototypes -Wconditional-uninitialized -flax-vector-conversions=none -fconstexpr-steps=500000000 -DNDEBUG -O3 -funroll-loops -DIS_64BIT -DUSE_POPCNT -DUSE_NEON=8 -march=armv8.2-a+dotprod -DUSE_NEON_DOTPROD -DARCH=armv8-dotprod -flto=full -Xclang -mllvm -Xclang -inline-threshold=500 -c -o movepick.o movepick.cpp
/usr/local/lib/android/sdk/ndk/29.0.14206865/toolchains/llvm/prebuilt/linux-x86_64/bin/aarch64-linux-android24-clang++ -Wall -Wcast-qual -fno-exceptions -std=c++17 -pedantic -Wextra -Wshadow -Wmissing-prototypes -Wconditional-uninitialized -flax-vector-conversions=none -fconstexpr-steps=500000000 -DNDEBUG -O3 -funroll-loops -DIS_64BIT -DUSE_POPCNT -DUSE_NEON=8 -march=armv8.2-a+dotprod -DUSE_NEON_DOTPROD -DARCH=armv8-dotprod -flto=full -Xclang -mllvm -Xclang -inline-threshold=500 -c -o position.o position.cpp
/usr/local/lib/android/sdk/ndk/29.0.14206865/toolchains/llvm/prebuilt/linux-x86_64/bin/aarch64-linux-android24-clang++ -Wall -Wcast-qual -fno-exceptions -std=c++17 -pedantic -Wextra -Wshadow -Wmissing-prototypes -Wconditional-uninitialized -flax-vector-conversions=none -fconstexpr-steps=500000000 -DNDEBUG -O3 -funroll-loops -DIS_64BIT -DUSE_POPCNT -DUSE_NEON=8 -march=armv8.2-a+dotprod -DUSE_NEON_DOTPROD -DARCH=armv8-dotprod -flto=full -Xclang -mllvm -Xclang -inline-threshold=500 -c -o search.o search.cpp
/usr/local/lib/android/sdk/ndk/29.0.14206865/toolchains/llvm/prebuilt/linux-x86_64/bin/aarch64-linux-android24-clang++ -Wall -Wcast-qual -fno-exceptions -std=c++17 -pedantic -Wextra -Wshadow -Wmissing-prototypes -Wconditional-uninitialized -flax-vector-conversions=none -fconstexpr-steps=500000000 -DNDEBUG -O3 -funroll-loops -DIS_64BIT -DUSE_POPCNT -DUSE_NEON=8 -march=armv8.2-a+dotprod -DUSE_NEON_DOTPROD -DARCH=armv8-dotprod -flto=full -Xclang -mllvm -Xclang -inline-threshold=500 -c -o thread.o thread.cpp
/usr/local/lib/android/sdk/ndk/29.0.14206865/toolchains/llvm/prebuilt/linux-x86_64/bin/aarch64-linux-android24-clang++ -Wall -Wcast-qual -fno-exceptions -std=c++17 -pedantic -Wextra -Wshadow -Wmissing-prototypes -Wconditional-uninitialized -flax-vector-conversions=none -fconstexpr-steps=500000000 -DNDEBUG -O3 -funroll-loops -DIS_64BIT -DUSE_POPCNT -DUSE_NEON=8 -march=armv8.2-a+dotprod -DUSE_NEON_DOTPROD -DARCH=armv8-dotprod -flto=full -Xclang -mllvm -Xclang -inline-threshold=500 -c -o timeman.o timeman.cpp
/usr/local/lib/android/sdk/ndk/29.0.14206865/toolchains/llvm/prebuilt/linux-x86_64/bin/aarch64-linux-android24-clang++ -Wall -Wcast-qual -fno-exceptions -std=c++17 -pedantic -Wextra -Wshadow -Wmissing-prototypes -Wconditional-uninitialized -flax-vector-conversions=none -fconstexpr-steps=500000000 -DNDEBUG -O3 -funroll-loops -DIS_64BIT -DUSE_POPCNT -DUSE_NEON=8 -march=armv8.2-a+dotprod -DUSE_NEON_DOTPROD -DARCH=armv8-dotprod -flto=full -Xclang -mllvm -Xclang -inline-threshold=500 -c -o tt.o tt.cpp
/usr/local/lib/android/sdk/ndk/29.0.14206865/toolchains/llvm/prebuilt/linux-x86_64/bin/aarch64-linux-android24-clang++ -Wall -Wcast-qual -fno-exceptions -std=c++17 -pedantic -Wextra -Wshadow -Wmissing-prototypes -Wconditional-uninitialized -flax-vector-conversions=none -fconstexpr-steps=500000000 -DNDEBUG -O3 -funroll-loops -DIS_64BIT -DUSE_POPCNT -DUSE_NEON=8 -march=armv8.2-a+dotprod -DUSE_NEON_DOTPROD -DARCH=armv8-dotprod -flto=full -Xclang -mllvm -Xclang -inline-threshold=500 -c -o uci.o uci.cpp
/usr/local/lib/android/sdk/ndk/29.0.14206865/toolchains/llvm/prebuilt/linux-x86_64/bin/aarch64-linux-android24-clang++ -Wall -Wcast-qual -fno-exceptions -std=c++17 -pedantic -Wextra -Wshadow -Wmissing-prototypes -Wconditional-uninitialized -flax-vector-conversions=none -fconstexpr-steps=500000000 -DNDEBUG -O3 -funroll-loops -DIS_64BIT -DUSE_POPCNT -DUSE_NEON=8 -march=armv8.2-a+dotprod -DUSE_NEON_DOTPROD -DARCH=armv8-dotprod -flto=full -Xclang -mllvm -Xclang -inline-threshold=500 -c -o ucioption.o ucioption.cpp
/usr/local/lib/android/sdk/ndk/29.0.14206865/toolchains/llvm/prebuilt/linux-x86_64/bin/aarch64-linux-android24-clang++ -Wall -Wcast-qual -fno-exceptions -std=c++17 -pedantic -Wextra -Wshadow -Wmissing-prototypes -Wconditional-uninitialized -flax-vector-conversions=none -fconstexpr-steps=500000000 -DNDEBUG -O3 -funroll-loops -DIS_64BIT -DUSE_POPCNT -DUSE_NEON=8 -march=armv8.2-a+dotprod -DUSE_NEON_DOTPROD -DARCH=armv8-dotprod -flto=full -Xclang -mllvm -Xclang -inline-threshold=500 -c -o tune.o tune.cpp
/usr/local/lib/android/sdk/ndk/29.0.14206865/toolchains/llvm/prebuilt/linux-x86_64/bin/aarch64-linux-android24-clang++ -Wall -Wcast-qual -fno-exceptions -std=c++17 -pedantic -Wextra -Wshadow -Wmissing-prototypes -Wconditional-uninitialized -flax-vector-conversions=none -fconstexpr-steps=500000000 -DNDEBUG -O3 -funroll-loops -DIS_64BIT -DUSE_POPCNT -DUSE_NEON=8 -march=armv8.2-a+dotprod -DUSE_NEON_DOTPROD -DARCH=armv8-dotprod -flto=full -Xclang -mllvm -Xclang -inline-threshold=500 -c -o tbprobe.o syzygy/tbprobe.cpp
/usr/local/lib/android/sdk/ndk/29.0.14206865/toolchains/llvm/prebuilt/linux-x86_64/bin/aarch64-linux-android24-clang++ -Wall -Wcast-qual -fno-exceptions -std=c++17 -pedantic -Wextra -Wshadow -Wmissing-prototypes -Wconditional-uninitialized -flax-vector-conversions=none -fconstexpr-steps=500000000 -DNDEBUG -O3 -funroll-loops -DIS_64BIT -DUSE_POPCNT -DUSE_NEON=8 -march=armv8.2-a+dotprod -DUSE_NEON_DOTPROD -DARCH=armv8-dotprod -flto=full -Xclang -mllvm -Xclang -inline-threshold=500 -c -o nnue_accumulator.o nnue/nnue_accumulator.cpp
/usr/local/lib/android/sdk/ndk/29.0.14206865/toolchains/llvm/prebuilt/linux-x86_64/bin/aarch64-linux-android24-clang++ -Wall -Wcast-qual -fno-exceptions -std=c++17 -pedantic -Wextra -Wshadow -Wmissing-prototypes -Wconditional-uninitialized -flax-vector-conversions=none -fconstexpr-steps=500000000 -DNDEBUG -O3 -funroll-loops -DIS_64BIT -DUSE_POPCNT -DUSE_NEON=8 -march=armv8.2-a+dotprod -DUSE_NEON_DOTPROD -DARCH=armv8-dotprod -flto=full -Xclang -mllvm -Xclang -inline-threshold=500 -c -o nnue_misc.o nnue/nnue_misc.cpp
/usr/local/lib/android/sdk/ndk/29.0.14206865/toolchains/llvm/prebuilt/linux-x86_64/bin/aarch64-linux-android24-clang++ -Wall -Wcast-qual -fno-exceptions -std=c++17 -pedantic -Wextra -Wshadow -Wmissing-prototypes -Wconditional-uninitialized -flax-vector-conversions=none -fconstexpr-steps=500000000 -DNDEBUG -O3 -funroll-loops -DIS_64BIT -DUSE_POPCNT -DUSE_NEON=8 -march=armv8.2-a+dotprod -DUSE_NEON_DOTPROD -DARCH=armv8-dotprod -flto=full -Xclang -mllvm -Xclang -inline-threshold=500 -c -o network.o nnue/network.cpp
/usr/local/lib/android/sdk/ndk/29.0.14206865/toolchains/llvm/prebuilt/linux-x86_64/bin/aarch64-linux-android24-clang++ -Wall -Wcast-qual -fno-exceptions -std=c++17 -pedantic -Wextra -Wshadow -Wmissing-prototypes -Wconditional-uninitialized -flax-vector-conversions=none -fconstexpr-steps=500000000 -DNDEBUG -O3 -funroll-loops -DIS_64BIT -DUSE_POPCNT -DUSE_NEON=8 -march=armv8.2-a+dotprod -DUSE_NEON_DOTPROD -DARCH=armv8-dotprod -flto=full -Xclang -mllvm -Xclang -inline-threshold=500 -c -o half_ka_v2_hm.o nnue/features/half_ka_v2_hm.cpp
/usr/local/lib/android/sdk/ndk/29.0.14206865/toolchains/llvm/prebuilt/linux-x86_64/bin/aarch64-linux-android24-clang++ -Wall -Wcast-qual -fno-exceptions -std=c++17 -pedantic -Wextra -Wshadow -Wmissing-prototypes -Wconditional-uninitialized -flax-vector-conversions=none -fconstexpr-steps=500000000 -DNDEBUG -O3 -funroll-loops -DIS_64BIT -DUSE_POPCNT -DUSE_NEON=8 -march=armv8.2-a+dotprod -DUSE_NEON_DOTPROD -DARCH=armv8-dotprod -flto=full -Xclang -mllvm -Xclang -inline-threshold=500 -c -o full_threats.o nnue/features/full_threats.cpp
/usr/local/lib/android/sdk/ndk/29.0.14206865/toolchains/llvm/prebuilt/linux-x86_64/bin/aarch64-linux-android24-clang++ -Wall -Wcast-qual -fno-exceptions -std=c++17 -pedantic -Wextra -Wshadow -Wmissing-prototypes -Wconditional-uninitialized -flax-vector-conversions=none -fconstexpr-steps=500000000 -DNDEBUG -O3 -funroll-loops -DIS_64BIT -DUSE_POPCNT -DUSE_NEON=8 -march=armv8.2-a+dotprod -DUSE_NEON_DOTPROD -DARCH=armv8-dotprod -flto=full -Xclang -mllvm -Xclang -inline-threshold=500 -c -o pp_3wide.o nnue/features/pp_3wide.cpp
/usr/local/lib/android/sdk/ndk/29.0.14206865/toolchains/llvm/prebuilt/linux-x86_64/bin/aarch64-linux-android24-clang++ -Wall -Wcast-qual -fno-exceptions -std=c++17 -pedantic -Wextra -Wshadow -Wmissing-prototypes -Wconditional-uninitialized -flax-vector-conversions=none -fconstexpr-steps=500000000 -DNDEBUG -O3 -funroll-loops -DIS_64BIT -DUSE_POPCNT -DUSE_NEON=8 -march=armv8.2-a+dotprod -DUSE_NEON_DOTPROD -DARCH=armv8-dotprod -flto=full -Xclang -mllvm -Xclang -inline-threshold=500 -c -o engine.o engine.cpp
/usr/local/lib/android/sdk/ndk/29.0.14206865/toolchains/llvm/prebuilt/linux-x86_64/bin/aarch64-linux-android24-clang++ -Wall -Wcast-qual -fno-exceptions -std=c++17 -pedantic -Wextra -Wshadow -Wmissing-prototypes -Wconditional-uninitialized -flax-vector-conversions=none -fconstexpr-steps=500000000 -DNDEBUG -O3 -funroll-loops -DIS_64BIT -DUSE_POPCNT -DUSE_NEON=8 -march=armv8.2-a+dotprod -DUSE_NEON_DOTPROD -DARCH=armv8-dotprod -flto=full -Xclang -mllvm -Xclang -inline-threshold=500 -c -o score.o score.cpp
/usr/local/lib/android/sdk/ndk/29.0.14206865/toolchains/llvm/prebuilt/linux-x86_64/bin/aarch64-linux-android24-clang++ -Wall -Wcast-qual -fno-exceptions -std=c++17 -pedantic -Wextra -Wshadow -Wmissing-prototypes -Wconditional-uninitialized -flax-vector-conversions=none -fconstexpr-steps=500000000 -DNDEBUG -O3 -funroll-loops -DIS_64BIT -DUSE_POPCNT -DUSE_NEON=8 -march=armv8.2-a+dotprod -DUSE_NEON_DOTPROD -DARCH=armv8-dotprod -flto=full -Xclang -mllvm -Xclang -inline-threshold=500 -c -o memory.o memory.cpp
/usr/local/lib/android/sdk/ndk/29.0.14206865/toolchains/llvm/prebuilt/linux-x86_64/bin/aarch64-linux-android24-clang++ -o stockfish attacks.o benchmark.o bitboard.o evaluate.o main.o misc.o movegen.o movepick.o position.o search.o thread.o timeman.o tt.o uci.o ucioption.o tune.o tbprobe.o nnue_accumulator.o nnue_misc.o network.o half_ka_v2_hm.o full_threats.o pp_3wide.o engine.o score.o memory.o -latomic
make[1]: Leaving directory '/home/runner/work/chess-app/chess-app/engines/src/stockfish/src'
